# --- Normal Activity ---
2026-04-24 09:00:12 INFO User login successful user=arnav ip=192.168.1.10
2026-04-24 09:05:45 INFO File accessed path=/home/arnav/docs/report.pdf

# --- Brute Force Attack ---
2026-04-24 10:00:01 WARN Failed login user=admin ip=203.0.113.45
2026-04-24 10:00:05 WARN Failed login user=admin ip=203.0.113.45
2026-04-24 10:00:08 WARN Failed login user=admin ip=203.0.113.45
2026-04-24 10:00:11 WARN Failed login user=admin ip=203.0.113.45
2026-04-24 10:00:15 WARN Failed login user=admin ip=203.0.113.45
2026-04-24 10:00:20 INFO Login successful user=admin ip=203.0.113.45

# --- Off-Hours Access ---
2026-04-24 02:13:44 INFO Login successful user=devops ip=192.168.1.22

# --- Privilege Escalation ---
2026-04-24 11:30:02 INFO User role changed user=arnav role=user -> admin
2026-04-24 11:30:10 WARN Sudo command executed user=arnav command="chmod 777 /etc/passwd"

# --- Suspicious Network Activity ---
2026-04-24 12:00:01 INFO Connection attempt from ip=198.51.100.23 port=22
2026-04-24 12:00:02 INFO Connection attempt from ip=198.51.100.23 port=23
2026-04-24 12:00:03 INFO Connection attempt from ip=198.51.100.23 port=80
2026-04-24 12:00:04 INFO Connection attempt from ip=198.51.100.23 port=443

# --- Rapid Request Spike ---
2026-04-24 13:00:01 INFO API request user=test endpoint=/login
2026-04-24 13:00:01 INFO API request user=test endpoint=/login
2026-04-24 13:00:01 INFO API request user=test endpoint=/login
2026-04-24 13:00:01 INFO API request user=test endpoint=/login
2026-04-24 13:00:01 INFO API request user=test endpoint=/login

# --- Log Tampering (Time Gap) ---
2026-04-24 14:00:01 INFO System running normally
2026-04-24 18:45:33 INFO System resumed

# --- Malware-like Execution ---
2026-04-24 15:10:22 WARN Suspicious process started name=unknown.exe path=C:\Temp\unknown.exe
2026-04-24 15:10:25 WARN Outbound connection detected process=unknown.exe ip=45.33.32.156

# --- Data Exfiltration Attempt ---
2026-04-24 16:00:01 INFO File transfer initiated user=arnav destination=external_ip=8.8.8.8 size=500MB